------------------------------------------------------------
TimeQuest Timing Analyzer Summary
------------------------------------------------------------

Type  : Slow Model Setup 'clk'
Slack : -1.684
TNS   : -72.488

Type  : Slow Model Setup 'time_control:time_control_inst|flag_1ms'
Slack : -1.639
TNS   : -2.880

Type  : Slow Model Hold 'clk'
Slack : -1.388
TNS   : -6.220

Type  : Slow Model Hold 'time_control:time_control_inst|flag_1ms'
Slack : 0.391
TNS   : 0.000

Type  : Slow Model Minimum Pulse Width 'clk'
Slack : -1.222
TNS   : -85.222

Type  : Slow Model Minimum Pulse Width 'time_control:time_control_inst|flag_1ms'
Slack : -0.500
TNS   : -2.000

Type  : Fast Model Setup 'time_control:time_control_inst|flag_1ms'
Slack : -0.378
TNS   : -0.589

Type  : Fast Model Setup 'clk'
Slack : -0.261
TNS   : -3.347

Type  : Fast Model Hold 'clk'
Slack : -1.081
TNS   : -5.097

Type  : Fast Model Hold 'time_control:time_control_inst|flag_1ms'
Slack : 0.215
TNS   : 0.000

Type  : Fast Model Minimum Pulse Width 'clk'
Slack : -1.222
TNS   : -85.222

Type  : Fast Model Minimum Pulse Width 'time_control:time_control_inst|flag_1ms'
Slack : -0.500
TNS   : -2.000

------------------------------------------------------------
